
user@WIN-0KK9H2VIKPO MINGW64 ~
$ pwd
/c/Users/user

user@WIN-0KK9H2VIKPO MINGW64 ~
$ ..
bash: ..: command not found

user@WIN-0KK9H2VIKPO MINGW64 ~
$ ?
bash: ?: command not found

user@WIN-0KK9H2VIKPO MINGW64 ~
$ /?
bash: /?: No such file or directory

user@WIN-0KK9H2VIKPO MINGW64 ~
$ .?
bash: .?: command not found

user@WIN-0KK9H2VIKPO MINGW64 ~
$ cd

user@WIN-0KK9H2VIKPO MINGW64 ~
$ cd..
bash: cd..: command not found

user@WIN-0KK9H2VIKPO MINGW64 ~
$ mkdir group_34

user@WIN-0KK9H2VIKPO MINGW64 ~
$ ls-la
bash: ls-la: command not found

user@WIN-0KK9H2VIKPO MINGW64 ~
$ ls-l
bash: ls-l: command not found

user@WIN-0KK9H2VIKPO MINGW64 ~
$ mkdir qa_1

user@WIN-0KK9H2VIKPO MINGW64 ~
$ pwd
/c/Users/user

user@WIN-0KK9H2VIKPO MINGW64 ~
$ ls
'3D Objects'/
 7-Zip/
 AppData/
'Application Data'@
 Contacts/
 Cookies@
'Creative Cloud Files'/
 Desktop/
 Documents/
 Downloads/
 Favorites/
 Links/
'Local Settings'@
 MediaGet2/
 Music/
 NTUSER.DAT
 NTUSER.DAT.NotTweaked
 NTUSER.DAT{688a1e1e-b305-11eb-849b-e0d55ea263be}.TM.blf
 NTUSER.DAT{688a1e1e-b305-11eb-849b-e0d55ea263be}.TMContainer00000000000000000001.regtrans-ms
 NTUSER.DAT{688a1e1e-b305-11eb-849b-e0d55ea263be}.TMContainer00000000000000000002.regtrans-ms
 NetHood@
 OneDrive/
'OneDrive - utlc.com'/
 Pictures/
 Postman/
 PrintHood@
 Recent@
'Saved Games'/
 Searches/
 SendTo@
 Tracing/
 Videos/
 ansel/
 group_34/
 group_34_free/
 ntuser.dat.LOG1
 ntuser.dat.LOG2
 ntuser.ini
'number 1.js'
 postgresql_13.exe*
 qa_1/
 testirovanie.js
'Мои документы'@
 Шаблоны@
'главное меню'@

user@WIN-0KK9H2VIKPO MINGW64 ~
$ ls /
LICENSE.txt        cmd/  git-bash.exe*  proc/         unins001.exe*
ReleaseNotes.html  dev/  git-cmd.exe*   tmp/          unins001.msg
bin/               etc/  mingw64/       unins001.dat  usr/

user@WIN-0KK9H2VIKPO MINGW64 ~
$ ls /f/тестирование
 129.js         'let yolochka4 = 4;.txt'  'number 1.js'
 Untitled-1.js   moxoreva/                 дз-js.js

user@WIN-0KK9H2VIKPO MINGW64 ~
$ pwd
/c/Users/user

user@WIN-0KK9H2VIKPO MINGW64 ~
$ cd /f/тестирование

user@WIN-0KK9H2VIKPO MINGW64 /f/тестирование
$ pwd
/f/тестирование

user@WIN-0KK9H2VIKPO MINGW64 /f/тестирование
$ mkdir group_34

user@WIN-0KK9H2VIKPO MINGW64 /f/тестирование
$ cd /group_34
bash: cd: /group_34: No such file or directory

user@WIN-0KK9H2VIKPO MINGW64 /f/тестирование
$ mkdir
mkdir: missing operand
Try 'mkdir --help' for more information.

user@WIN-0KK9H2VIKPO MINGW64 /f/тестирование
$ pwd
/f/тестирование

user@WIN-0KK9H2VIKPO MINGW64 /f/тестирование
$ cd /group_34
bash: cd: /group_34: No such file or directory

user@WIN-0KK9H2VIKPO MINGW64 /f/тестирование
$ cd /group_34
bash: cd: /group_34: No such file or directory

user@WIN-0KK9H2VIKPO MINGW64 /f/тестирование
$ ls-la
bash: ls-la: command not found

user@WIN-0KK9H2VIKPO MINGW64 /f/тестирование
$ ls - la
ls: cannot access '-': No such file or directory
ls: cannot access 'la': No such file or directory

user@WIN-0KK9H2VIKPO MINGW64 /f/тестирование
$ ls -la
total 16
drwxr-xr-x 1 user 197121   0 Apr 16 13:31  ./
drwxr-xr-x 1 user 197121   0 Apr  9 12:19  ../
-rw-r--r-- 1 user 197121   8 Apr 21  2022  129.js
-rw-r--r-- 1 user 197121   0 Apr 21  2022  Untitled-1.js
drwxr-xr-x 1 user 197121   0 Apr 16 13:31  group_34/
-rw-r--r-- 1 user 197121 470 Jun  1  2022 'let yolochka4 = 4;.txt'
drwxr-xr-x 1 user 197121   0 Apr 19  2022  moxoreva/
-rw-r--r-- 1 user 197121 101 Apr 25  2022 'number 1.js'
-rw-r--r-- 1 user 197121 104 Jun  1  2022  дз-js.js

user@WIN-0KK9H2VIKPO MINGW64 /f/тестирование
$ pwd
/f/тестирование

user@WIN-0KK9H2VIKPO MINGW64 /f/тестирование
$ cd /f/тестирование/group_34

user@WIN-0KK9H2VIKPO MINGW64 /f/тестирование/group_34
$ mkdir qa_1 qa_2 qa_3

user@WIN-0KK9H2VIKPO MINGW64 /f/тестирование/group_34
$ cd --help
cd: cd [-L|[-P [-e]] [-@]] [dir]
    Change the shell working directory.

    Change the current directory to DIR.  The default DIR is the value of the
    HOME shell variable. If DIR is "-", it is converted to $OLDPWD.

    The variable CDPATH defines the search path for the directory containing
    DIR.  Alternative directory names in CDPATH are separated by a colon (:).
    A null directory name is the same as the current directory.  If DIR begins
    with a slash (/), then CDPATH is not used.

    If the directory is not found, and the shell option `cdable_vars' is set,
    the word is assumed to be  a variable name.  If that variable has a value,
    its value is used for DIR.

    Options:
      -L        force symbolic links to be followed: resolve symbolic
                links in DIR after processing instances of `..'
      -P        use the physical directory structure without following
                symbolic links: resolve symbolic links in DIR before
                processing instances of `..'
      -e        if the -P option is supplied, and the current working
                directory cannot be determined successfully, exit with
                a non-zero status
      -@        on systems that support it, present a file with extended
                attributes as a directory containing the file attributes

    The default is to follow symbolic links, as if `-L' were specified.
    `..' is processed by removing the immediately previous pathname component
    back to a slash or the beginning of DIR.

    Exit Status:
    Returns 0 if the directory is changed, and if $PWD is set successfully when
    -P is used; non-zero otherwise.

user@WIN-0KK9H2VIKPO MINGW64 /f/тестирование/group_34
$ cd /f/тестирование/group_34/qa_1

user@WIN-0KK9H2VIKPO MINGW64 /f/тестирование/group_34/qa_1
$ touch qq.txt qq1.txt qq2.txt

user@WIN-0KK9H2VIKPO MINGW64 /f/тестирование/group_34/qa_1
$ touch free.json free1.json

user@WIN-0KK9H2VIKPO MINGW64 /f/тестирование/group_34/qa_1
$ mkdir aa_1 aa_2 aa_3

user@WIN-0KK9H2VIKPO MINGW64 /f/тестирование/group_34/qa_1
$ ls -la
total 4
 drwxr-xr-x 1 user 197121 0 Apr 16 13:46 ./
 drwxr-xr-x 1 user 197121 0 Apr 16 13:37 ../
 drwxr-xr-x 1 user 197121 0 Apr 16 13:46 aa_1/
 drwxr-xr-x 1 user 197121 0 Apr 16 13:46 aa_2/
 drwxr-xr-x 1 user 197121 0 Apr 16 13:46 aa_3/
 -rw-r--r-- 1 user 197121 0 Apr 16 13:44 free.json
 -rw-r--r-- 1 user 197121 0 Apr 16 13:44 free1.json
 -rw-r--r-- 1 user 197121 0 Apr 16 13:42 qq.txt
 -rw-r--r-- 1 user 197121 0 Apr 16 13:42 qq1.txt
 -rw-r--r-- 1 user 197121 0 Apr 16 13:42 qq2.txt

 user@WIN-0KK9H2VIKPO MINGW64 /f/тестирование/group_34/qa_1
 $ cd /f/тестирование/group_34/qa_1/qq.txt
 bash: cd: /f/тестирование/group_34/qa_1/qq.txt: Not a directory

 user@WIN-0KK9H2VIKPO MINGW64 /f/тестирование/group_34/qa_1
 $ cat qq.txt

 user@WIN-0KK9H2VIKPO MINGW64 /f/тестирование/group_34/qa_1
 $ pwd
 /f/тестирование/group_34/qa_1

 user@WIN-0KK9H2VIKPO MINGW64 /f/тестирование/group_34/qa_1
 $ cat >qq.txt
 надеюсь у меня что-то получится

 user@WIN-0KK9H2VIKPO MINGW64 /f/тестирование/group_34/qa_1
 $ cat >qq.txt
 наддеюсь у меня что-то получится

 user@WIN-0KK9H2VIKPO MINGW64 /f/тестирование/group_34/qa_1
 $ cd /f/тестирование/group_34/qa_1/qq.txt
 bash: cd: /f/тестирование/group_34/qa_1/qq.txt: Not a directory

 user@WIN-0KK9H2VIKPO MINGW64 /f/тестирование/group_34/qa_1
 $ cat >qq.txt
iя полагаюсь на удачу мы с ней старые друзья
:qw


user@WIN-0KK9H2VIKPO MINGW64 /f/тестирование/group_34/qa_1
$ cd /f/тестирование/group_34/qa_1/qq.txt
bash: cd: /f/тестирование/group_34/qa_1/qq.txt: Not a directory

user@WIN-0KK9H2VIKPO MINGW64 /f/тестирование/group_34/qa_1
$ pwd
/f/тестирование/group_34/qa_1

user@WIN-0KK9H2VIKPO MINGW64 /f/тестирование/group_34/qa_1
$ nano

user@WIN-0KK9H2VIKPO MINGW64 /f/тестирование/group_34/qa_1
$ qw
bash: qw: command not found

user@WIN-0KK9H2VIKPO MINGW64 /f/тестирование/group_34/qa_1
$ :qw
bash: :qw: command not found

user@WIN-0KK9H2VIKPO MINGW64 /f/тестирование/group_34/qa_1
$ cd ..

user@WIN-0KK9H2VIKPO MINGW64 /f/тестирование/group_34
$ mv qq.txt qq1.txt /aa_1
mv: target '/aa_1' is not a directory

user@WIN-0KK9H2VIKPO MINGW64 /f/тестирование/group_34
$ mv {qq.txt qq1.txt} aa_1
mv: target 'aa_1' is not a directory

user@WIN-0KK9H2VIKPO MINGW64 /f/тестирование/group_34
$ cp /f/тестирование/group_34/qa_1/qq.txt /f/тестирование/group_34/qa_2

user@WIN-0KK9H2VIKPO MINGW64 /f/тестирование/group_34
$ cp /f/тестирование/group_34/qa_1/qq1.txt /f/тестирование/group_34/qa_2

user@WIN-0KK9H2VIKPO MINGW64 /f/тестирование/group_34
$ cp /f/тестирование/group_34/qa_1/qq1.txt /f/тестирование/group_34/qa_3

user@WIN-0KK9H2VIKPO MINGW64 /f/тестирование/group_34
$ cp /f/тестирование/group_34/qa_1/free.json /f/тестирование/group_34/qa_3

user@WIN-0KK9H2VIKPO MINGW64 /f/тестирование/group_34
$ find /f/тестирование/ -name free1.json
/f/тестирование/group_34/qa_1/free1.json

user@WIN-0KK9H2VIKPO MINGW64 /f/тестирование/group_34
$ find /f -name free.json
find: ‘/f/System Volume Information’: Permission denied
/f/тестирование/group_34/qa_1/free.json
/f/тестирование/group_34/qa_3/free.json

user@WIN-0KK9H2VIKPO MINGW64 /f/тестирование/group_34
$ grep
Usage: grep [OPTION]... PATTERN [FILE]...
Try 'grep --help' for more information.

user@WIN-0KK9H2VIKPO MINGW64 /f/тестирование/group_34
$ grep -f
grep: option requires an argument -- f
Usage: grep [OPTION]... PATTERN [FILE]...
Try 'grep --help' for more information.

user@WIN-0KK9H2VIKPO MINGW64 /f/тестирование/group_34
$ tail -f /f/тестирование
tail: error reading '/f/тестирование': Is a directory
tail: /f/тестирование: cannot follow end of this type of file; giving up on this name
tail: no files remaining

user@WIN-0KK9H2VIKPO MINGW64 /f/тестирование/group_34
$ grep -i
Usage: grep [OPTION]... PATTERN [FILE]...
Try 'grep --help' for more information.


user@WIN-0KK9H2VIKPO MINGW64 /f/тестирование/group_34
$ grep
Usage: grep [OPTION]... PATTERN [FILE]...
Try 'grep --help' for more information.

user@WIN-0KK9H2VIKPO MINGW64 /f/тестирование/group_34
$ nano

user@WIN-0KK9H2VIKPO MINGW64 /f/тестирование/group_34
$ tail qq1.txt | grep -i "mission"
What better way to celebrate 50 years since the Apollo 11 landing than going back to the Moon? But this time there will be no humans setting foot on the Moon. Instead, two robotic missions will explore the unchartered southern lunar hemisphere, sending back a wealth of information about the surface and composition of the Moon, and perhaps even more.
Early December last year, the China National Space Administration Chang’e 4 mission launched, set to land in the Von Kármán crater in the South Pole–Aitken Basin on the far side of the Moon. This is the first landing on the far side of the Moon and the targeted region is the largest known impact crater in the Solar System. The rover is equipped with various instruments to investigate the lunar morphology and subsurface. In addition, it will carry a tin with air, water, soil and seeds to see if they will grow in the harsh environment. In order for the Chang’e 4 lander and rover to be able to communicate with Earth, last year a relay satellite named Queqiao was put in orbit around the Lagrange Point 2, a gravitationally stable spot beyond the Moon.

user@WIN-0KK9H2VIKPO MINGW64 /f/тестирование/group_34
$ tail qq1.txt | grep -i "addition"
Early December last year, the China National Space Administration Chang’e 4 mission launched, set to land in the Von Kármán crater in the South Pole–Aitken Basin on the far side of the Moon. This is the first landing on the far side of the Moon and the targeted region is the largest known impact crater in the Solar System. The rover is equipped with various instruments to investigate the lunar morphology and subsurface. In addition, it will carry a tin with air, water, soil and seeds to see if they will grow in the harsh environment. In order for the Chang’e 4 lander and rover to be able to communicate with Earth, last year a relay satellite named Queqiao was put in orbit around the Lagrange Point 2, a gravitationally stable spot beyond the Moon.

user@WIN-0KK9H2VIKPO MINGW64 /f/тестирование/group_34
$ tail qq1.txt | grep -i "Lagrange Point 2"
Early December last year, the China National Space Administration Chang’e 4 mission launched, set to land in the Von Kármán crater in the South Pole–Aitken Basin on the far side of the Moon. This is the first landing on the far side of the Moon and the targeted region is the largest known impact crater in the Solar System. The rover is equipped with various instruments to investigate the lunar morphology and subsurface. In addition, it will carry a tin with air, water, soil and seeds to see if they will grow in the harsh environment. In order for the Chang’e 4 lander and rover to be able to communicate with Earth, last year a relay satellite named Queqiao was put in orbit around the Lagrange Point 2, a gravitationally stable spot beyond the Moon.

user@WIN-0KK9H2VIKPO MINGW64 /f/тестирование/group_34
$ tail qq1.txt
What better way to celebrate 50 years since the Apollo 11 landing than going back to the Moon? But this time there will be no humans setting foot on the Moon. Instead, two robotic missions will explore the unchartered southern lunar hemisphere, sending back a wealth of information about the surface and composition of the Moon, and perhaps even more.

Early December last year, the China National Space Administration Chang’e 4 mission launched, set to land in the Von Kármán crater in the South Pole–Aitken Basin on the far side of the Moon. This is the first landing on the far side of the Moon and the targeted region is the largest known impact crater in the Solar System. The rover is equipped with various instruments to investigate the lunar morphology and subsurface. In addition, it will carry a tin with air, water, soil and seeds to see if they will grow in the harsh environment. In order for the Chang’e 4 lander and rover to be able to communicate with Earth, last year a relay satellite named Queqiao was put in orbit around the Lagrange Point 2, a gravitationally stable spot beyond the Moon.

user@WIN-0KK9H2VIKPO MINGW64 /f/тестирование/group_34
$ tail qq1.txt | grep -i "Lagrange Point 2"
Queqiao was put in orbit around the Lagrange Point 2, a gravitationally stable spot beyond the Moon.

user@WIN-0KK9H2VIKPO MINGW64 /f/тестирование/group_34
$ tail qq1.txt
But this time there will be no humans setting foot on the Moon. Instead, two robotic missions will explore the unchartered southern lunar hemisphere,
 sending back a wealth of information about the surface and composition of the Moon, and perhaps even more.

Early December last year, the China National Space Administration Chang’e 4 mission launched,
set to land in the Von Kármán crater in the South Pole–Aitken Basin on the far side of the Moon.
This is the first landing on the far side of the Moon and the targeted region is the largest known impact crater in the Solar System.
The rover is equipped with various instruments to investigate the lunar morphology and subsurface.
n addition, it will carry a tin with air, water, soil and seeds to see if they will grow in the harsh environment.
In order for the Chang’e 4 lander and rover to be able to communicate with Earth, last year a relay satellite named
Queqiao was put in orbit around the Lagrange Point 2, a gravitationally stable spot beyond the Moon.

user@WIN-0KK9H2VIKPO MINGW64 /f/тестирование/group_34
$ tail -n 2 qq1.txt
In order for the Chang’e 4 lander and rover to be able to communicate with Earth, last year a relay satellite named
Queqiao was put in orbit around the Lagrange Point 2, a gravitationally stable spot beyond the Moon.

user@WIN-0KK9H2VIKPO MINGW64 /f/тестирование/group_34
$ head -n 2 qq1.txt
What better way to celebrate 50 years since the Apollo 11 landing than going back to the Moon?
But this time there will be no humans setting foot on the Moon. Instead, two robotic missions will explore the unchartered southern lunar hemisphere,

user@WIN-0KK9H2VIKPO MINGW64 /f/тестирование/group_34
$ less qq1.txt

user@WIN-0KK9H2VIKPO MINGW64 /f/тестирование/group_34
$ date
Sun Apr 16 14:49:10     2023

user@WIN-0KK9H2VIKPO MINGW64 /f/тестирование/group_34
$ curl <http://162.55.220.72:5005/terminal-hw-request>
bash: syntax error near unexpected token `newline'

user@WIN-0KK9H2VIKPO MINGW64 /f/тестирование/group_34
$ curl http://162.55.220.72:5005/terminal-hw-request
  % Total    % Received % Xferd  Average Speed   Time    Time     Time  Current
                                 Dload  Upload   Total   Spent    Left  Speed
100   232  100   232    0     0   1197      0 --:--:-- --:--:-- --:--:--  1202<!DOCTYPE HTML PUBLIC "-//W3C//DTD HTML 3.2 Final//EN">
<title>404 Not Found</title>
<h1>Not Found</h1>
<p>The requested URL was not found on the server. If you entered the URL manually please check your spelling and try again.</p>


